Release 14.7 - xst P.20131013 (nt)
Copyright (c) 1995-2013 Xilinx, Inc.  All rights reserved.
--> Parameter TMPDIR set to xst/projnav.tmp


Total REAL time to Xst completion: 0.00 secs
Total CPU time to Xst completion: 0.10 secs
 
--> Parameter xsthdpdir set to xst


Total REAL time to Xst completion: 0.00 secs
Total CPU time to Xst completion: 0.10 secs
 
--> Reading design: f_function.prj

TABLE OF CONTENTS
  1) Synthesis Options Summary
  2) HDL Compilation
  3) Design Hierarchy Analysis
  4) HDL Analysis
  5) HDL Synthesis
     5.1) HDL Synthesis Report
  6) Advanced HDL Synthesis
     6.1) Advanced HDL Synthesis Report
  7) Low Level Synthesis
  8) Partition Report
  9) Final Report
	9.1) Device utilization summary
	9.2) Partition Resource Summary
	9.3) TIMING REPORT


=========================================================================
*                      Synthesis Options Summary                        *
=========================================================================
---- Source Parameters
Input File Name                    : "f_function.prj"
Input Format                       : mixed
Ignore Synthesis Constraint File   : NO

---- Target Parameters
Output File Name                   : "f_function"
Output Format                      : NGC
Target Device                      : xc3s200-4-ft256

---- Source Options
Top Module Name                    : f_function
Automatic FSM Extraction           : YES
FSM Encoding Algorithm             : Auto
Safe Implementation                : No
FSM Style                          : LUT
RAM Extraction                     : Yes
RAM Style                          : Auto
ROM Extraction                     : Yes
Mux Style                          : Auto
Decoder Extraction                 : YES
Priority Encoder Extraction        : Yes
Shift Register Extraction          : YES
Logical Shifter Extraction         : YES
XOR Collapsing                     : YES
ROM Style                          : Auto
Mux Extraction                     : Yes
Resource Sharing                   : YES
Asynchronous To Synchronous        : NO
Multiplier Style                   : Auto
Automatic Register Balancing       : No

---- Target Options
Add IO Buffers                     : YES
Global Maximum Fanout              : 100000
Add Generic Clock Buffer(BUFG)     : 8
Register Duplication               : YES
Slice Packing                      : YES
Optimize Instantiated Primitives   : NO
Use Clock Enable                   : Yes
Use Synchronous Set                : Yes
Use Synchronous Reset              : Yes
Pack IO Registers into IOBs        : Auto
Equivalent register Removal        : YES

---- General Options
Optimization Goal                  : Speed
Optimization Effort                : 1
Keep Hierarchy                     : No
Netlist Hierarchy                  : As_Optimized
RTL Output                         : Yes
Global Optimization                : AllClockNets
Read Cores                         : YES
Write Timing Constraints           : NO
Cross Clock Analysis               : NO
Hierarchy Separator                : /
Bus Delimiter                      : <>
Case Specifier                     : Maintain
Slice Utilization Ratio            : 100
BRAM Utilization Ratio             : 100
Verilog 2001                       : YES
Auto BRAM Packing                  : NO
Slice Utilization Ratio Delta      : 5

=========================================================================


=========================================================================
*                          HDL Compilation                              *
=========================================================================
Compiling vhdl file "C:/Users/jerem/OneDrive/Desktop/projects/blowfish/f_function.vhd" in Library work.
Architecture behavioral of Entity f_function is up to date.

=========================================================================
*                     Design Hierarchy Analysis                         *
=========================================================================
Analyzing hierarchy for entity <f_function> in library <work> (architecture <behavioral>).


=========================================================================
*                            HDL Analysis                               *
=========================================================================
Analyzing Entity <f_function> in library <work> (Architecture <behavioral>).
Entity <f_function> analyzed. Unit <f_function> generated.


=========================================================================
*                           HDL Synthesis                               *
=========================================================================

Performing bidirectional port resolution...

Synthesizing Unit <f_function>.
    Related source file is "C:/Users/jerem/OneDrive/Desktop/projects/blowfish/f_function.vhd".
WARNING:Xst:1780 - Signal <sbox4_out> is never used or assigned. This unconnected signal will be trimmed during the optimization process.
WARNING:Xst:1780 - Signal <sbox3_out> is never used or assigned. This unconnected signal will be trimmed during the optimization process.
WARNING:Xst:1780 - Signal <sbox2_out> is never used or assigned. This unconnected signal will be trimmed during the optimization process.
WARNING:Xst:1780 - Signal <sbox1_out> is never used or assigned. This unconnected signal will be trimmed during the optimization process.
    Found 32-bit adder for signal <output>.
    Found 32-bit adder for signal <output$addsub0000> created at line 58.
    Found 32-bit xor2 for signal <output$xor0000> created at line 58.
    Summary:
	inferred   2 Adder/Subtractor(s).
Unit <f_function> synthesized.


=========================================================================
HDL Synthesis Report

Macro Statistics
# Adders/Subtractors                                   : 2
 32-bit adder                                          : 2
# Xors                                                 : 1
 32-bit xor2                                           : 1

=========================================================================

=========================================================================
*                       Advanced HDL Synthesis                          *
=========================================================================


=========================================================================
Advanced HDL Synthesis Report

Macro Statistics
# Adders/Subtractors                                   : 2
 32-bit adder                                          : 2
# Xors                                                 : 1
 32-bit xor2                                           : 1

=========================================================================

=========================================================================
*                         Low Level Synthesis                           *
=========================================================================

Optimizing unit <f_function> ...

Mapping all equations...
Building and optimizing final netlist ...
Found area constraint ratio of 100 (+ 5) on block f_function, actual ratio is 2.

Final Macro Processing ...

=========================================================================
Final Register Report

Found no macro
=========================================================================

=========================================================================
*                           Partition Report                            *
=========================================================================

Partition Implementation Status
-------------------------------

  No Partitions were found in this design.

-------------------------------

=========================================================================
*                            Final Report                               *
=========================================================================
Final Results
RTL Top Level Output File Name     : f_function.ngr
Top Level Output File Name         : f_function
Output Format                      : NGC
Optimization Goal                  : Speed
Keep Hierarchy                     : No

Design Statistics
# IOs                              : 160

Cell Usage :
# BELS                             : 191
#      GND                         : 1
#      LUT2                        : 32
#      LUT3                        : 32
#      MUXCY                       : 62
#      XORCY                       : 64
# IO Buffers                       : 160
#      IBUF                        : 128
#      OBUF                        : 32
=========================================================================

Device utilization summary:
---------------------------

Selected Device : 3s200ft256-4 

 Number of Slices:                       32  out of   1920     1%  
 Number of 4 input LUTs:                 64  out of   3840     1%  
 Number of IOs:                         160
 Number of bonded IOBs:                 160  out of    173    92%  

---------------------------
Partition Resource Summary:
---------------------------

  No Partitions were found in this design.

---------------------------


=========================================================================
TIMING REPORT

NOTE: THESE TIMING NUMBERS ARE ONLY A SYNTHESIS ESTIMATE.
      FOR ACCURATE TIMING INFORMATION PLEASE REFER TO THE TRACE REPORT
      GENERATED AFTER PLACE-and-ROUTE.

Clock Information:
------------------
No clock signals found in this design

Asynchronous Control Signals Information:
----------------------------------------
No asynchronous control signals found in this design

Timing Summary:
---------------
Speed Grade: -4

   Minimum period: No path found
   Minimum input arrival time before clock: No path found
   Maximum output required time after clock: No path found
   Maximum combinational path delay: 15.168ns

Timing Detail:
--------------
All values displayed in nanoseconds (ns)

=========================================================================
Timing constraint: Default path analysis
  Total number of paths / destination ports: 18976 / 32
-------------------------------------------------------------------------
Delay:               15.168ns (Levels of Logic = 37)
  Source:            s_box1_val<0> (PAD)
  Destination:       output<31> (PAD)

  Data Path: s_box1_val<0> to output<31>
                                Gate     Net
    Cell:in->out      fanout   Delay   Delay  Logical Name (Net Name)
    ----------------------------------------  ------------
     IBUF:I->O             1   0.821   1.140  s_box1_val_0_IBUF (s_box1_val_0_IBUF)
     LUT2:I0->O            1   0.551   0.000  Madd_output_addsub0000_lut<0> (Madd_output_addsub0000_lut<0>)
     MUXCY:S->O            1   0.500   0.000  Madd_output_addsub0000_cy<0> (Madd_output_addsub0000_cy<0>)
     MUXCY:CI->O           1   0.064   0.000  Madd_output_addsub0000_cy<1> (Madd_output_addsub0000_cy<1>)
     MUXCY:CI->O           1   0.064   0.000  Madd_output_addsub0000_cy<2> (Madd_output_addsub0000_cy<2>)
     MUXCY:CI->O           1   0.064   0.000  Madd_output_addsub0000_cy<3> (Madd_output_addsub0000_cy<3>)
     MUXCY:CI->O           1   0.064   0.000  Madd_output_addsub0000_cy<4> (Madd_output_addsub0000_cy<4>)
     MUXCY:CI->O           1   0.064   0.000  Madd_output_addsub0000_cy<5> (Madd_output_addsub0000_cy<5>)
     MUXCY:CI->O           1   0.064   0.000  Madd_output_addsub0000_cy<6> (Madd_output_addsub0000_cy<6>)
     MUXCY:CI->O           1   0.064   0.000  Madd_output_addsub0000_cy<7> (Madd_output_addsub0000_cy<7>)
     MUXCY:CI->O           1   0.064   0.000  Madd_output_addsub0000_cy<8> (Madd_output_addsub0000_cy<8>)
     MUXCY:CI->O           1   0.064   0.000  Madd_output_addsub0000_cy<9> (Madd_output_addsub0000_cy<9>)
     MUXCY:CI->O           1   0.064   0.000  Madd_output_addsub0000_cy<10> (Madd_output_addsub0000_cy<10>)
     MUXCY:CI->O           1   0.064   0.000  Madd_output_addsub0000_cy<11> (Madd_output_addsub0000_cy<11>)
     MUXCY:CI->O           1   0.064   0.000  Madd_output_addsub0000_cy<12> (Madd_output_addsub0000_cy<12>)
     MUXCY:CI->O           1   0.064   0.000  Madd_output_addsub0000_cy<13> (Madd_output_addsub0000_cy<13>)
     MUXCY:CI->O           1   0.064   0.000  Madd_output_addsub0000_cy<14> (Madd_output_addsub0000_cy<14>)
     MUXCY:CI->O           1   0.064   0.000  Madd_output_addsub0000_cy<15> (Madd_output_addsub0000_cy<15>)
     MUXCY:CI->O           1   0.064   0.000  Madd_output_addsub0000_cy<16> (Madd_output_addsub0000_cy<16>)
     MUXCY:CI->O           1   0.064   0.000  Madd_output_addsub0000_cy<17> (Madd_output_addsub0000_cy<17>)
     MUXCY:CI->O           1   0.064   0.000  Madd_output_addsub0000_cy<18> (Madd_output_addsub0000_cy<18>)
     MUXCY:CI->O           1   0.064   0.000  Madd_output_addsub0000_cy<19> (Madd_output_addsub0000_cy<19>)
     MUXCY:CI->O           1   0.064   0.000  Madd_output_addsub0000_cy<20> (Madd_output_addsub0000_cy<20>)
     MUXCY:CI->O           1   0.064   0.000  Madd_output_addsub0000_cy<21> (Madd_output_addsub0000_cy<21>)
     MUXCY:CI->O           1   0.064   0.000  Madd_output_addsub0000_cy<22> (Madd_output_addsub0000_cy<22>)
     MUXCY:CI->O           1   0.064   0.000  Madd_output_addsub0000_cy<23> (Madd_output_addsub0000_cy<23>)
     MUXCY:CI->O           1   0.064   0.000  Madd_output_addsub0000_cy<24> (Madd_output_addsub0000_cy<24>)
     MUXCY:CI->O           1   0.064   0.000  Madd_output_addsub0000_cy<25> (Madd_output_addsub0000_cy<25>)
     MUXCY:CI->O           1   0.064   0.000  Madd_output_addsub0000_cy<26> (Madd_output_addsub0000_cy<26>)
     MUXCY:CI->O           1   0.064   0.000  Madd_output_addsub0000_cy<27> (Madd_output_addsub0000_cy<27>)
     MUXCY:CI->O           1   0.064   0.000  Madd_output_addsub0000_cy<28> (Madd_output_addsub0000_cy<28>)
     MUXCY:CI->O           1   0.064   0.000  Madd_output_addsub0000_cy<29> (Madd_output_addsub0000_cy<29>)
     XORCY:CI->O           1   0.904   0.996  Madd_output_addsub0000_xor<30> (output_addsub0000<30>)
     LUT3:I1->O            1   0.551   0.000  Madd_output_lut<30> (Madd_output_lut<30>)
     MUXCY:S->O            0   0.500   0.000  Madd_output_cy<30> (Madd_output_cy<30>)
     XORCY:CI->O           1   0.904   0.801  Madd_output_xor<31> (output_31_OBUF)
     OBUF:I->O                 5.644          output_31_OBUF (output<31>)
    ----------------------------------------
    Total                     15.168ns (12.231ns logic, 2.937ns route)
                                       (80.6% logic, 19.4% route)

=========================================================================


Total REAL time to Xst completion: 4.00 secs
Total CPU time to Xst completion: 3.24 secs
 
--> 

Total memory usage is 231420 kilobytes

Number of errors   :    0 (   0 filtered)
Number of warnings :    4 (   0 filtered)
Number of infos    :    0 (   0 filtered)

