Release 14.7 - xst P.20131013 (nt)
Copyright (c) 1995-2013 Xilinx, Inc.  All rights reserved.
--> Parameter TMPDIR set to xst/projnav.tmp


Total REAL time to Xst completion: 0.00 secs
Total CPU time to Xst completion: 0.10 secs
 
--> Parameter xsthdpdir set to xst


Total REAL time to Xst completion: 0.00 secs
Total CPU time to Xst completion: 0.10 secs
 
--> Reading design: round.prj

TABLE OF CONTENTS
  1) Synthesis Options Summary
  2) HDL Compilation
  3) Design Hierarchy Analysis
  4) HDL Analysis
  5) HDL Synthesis
     5.1) HDL Synthesis Report
  6) Advanced HDL Synthesis
     6.1) Advanced HDL Synthesis Report
  7) Low Level Synthesis
  8) Partition Report
  9) Final Report
	9.1) Device utilization summary
	9.2) Partition Resource Summary
	9.3) TIMING REPORT


=========================================================================
*                      Synthesis Options Summary                        *
=========================================================================
---- Source Parameters
Input File Name                    : "round.prj"
Input Format                       : mixed
Ignore Synthesis Constraint File   : NO

---- Target Parameters
Output File Name                   : "round"
Output Format                      : NGC
Target Device                      : xc3s200-4-ft256

---- Source Options
Top Module Name                    : round
Automatic FSM Extraction           : YES
FSM Encoding Algorithm             : Auto
Safe Implementation                : No
FSM Style                          : LUT
RAM Extraction                     : Yes
RAM Style                          : Auto
ROM Extraction                     : Yes
Mux Style                          : Auto
Decoder Extraction                 : YES
Priority Encoder Extraction        : Yes
Shift Register Extraction          : YES
Logical Shifter Extraction         : YES
XOR Collapsing                     : YES
ROM Style                          : Auto
Mux Extraction                     : Yes
Resource Sharing                   : YES
Asynchronous To Synchronous        : NO
Multiplier Style                   : Auto
Automatic Register Balancing       : No

---- Target Options
Add IO Buffers                     : YES
Global Maximum Fanout              : 100000
Add Generic Clock Buffer(BUFG)     : 8
Register Duplication               : YES
Slice Packing                      : YES
Optimize Instantiated Primitives   : NO
Use Clock Enable                   : Yes
Use Synchronous Set                : Yes
Use Synchronous Reset              : Yes
Pack IO Registers into IOBs        : Auto
Equivalent register Removal        : YES

---- General Options
Optimization Goal                  : Speed
Optimization Effort                : 1
Keep Hierarchy                     : No
Netlist Hierarchy                  : As_Optimized
RTL Output                         : Yes
Global Optimization                : AllClockNets
Read Cores                         : YES
Write Timing Constraints           : NO
Cross Clock Analysis               : NO
Hierarchy Separator                : /
Bus Delimiter                      : <>
Case Specifier                     : Maintain
Slice Utilization Ratio            : 100
BRAM Utilization Ratio             : 100
Verilog 2001                       : YES
Auto BRAM Packing                  : NO
Slice Utilization Ratio Delta      : 5

=========================================================================


=========================================================================
*                          HDL Compilation                              *
=========================================================================
Compiling vhdl file "C:/Users/jerem/OneDrive/Desktop/projects/blowfish/register_32.vhd" in Library work.
Architecture behavioral of Entity register_32 is up to date.
Compiling vhdl file "C:/Users/jerem/OneDrive/Desktop/projects/blowfish/f_function.vhd" in Library work.
Entity <f_function> compiled.
Entity <f_function> (Architecture <behavioral>) compiled.
Compiling vhdl file "C:/Users/jerem/OneDrive/Desktop/projects/blowfish/round.vhd" in Library work.
Architecture behavioral of Entity round is up to date.

=========================================================================
*                     Design Hierarchy Analysis                         *
=========================================================================
Analyzing hierarchy for entity <round> in library <work> (architecture <behavioral>).

Analyzing hierarchy for entity <register_32> in library <work> (architecture <behavioral>).

Analyzing hierarchy for entity <f_function> in library <work> (architecture <behavioral>).


=========================================================================
*                            HDL Analysis                               *
=========================================================================
Analyzing Entity <round> in library <work> (Architecture <behavioral>).
Entity <round> analyzed. Unit <round> generated.

Analyzing Entity <register_32> in library <work> (Architecture <behavioral>).
Entity <register_32> analyzed. Unit <register_32> generated.

Analyzing Entity <f_function> in library <work> (Architecture <behavioral>).
Entity <f_function> analyzed. Unit <f_function> generated.


=========================================================================
*                           HDL Synthesis                               *
=========================================================================

Performing bidirectional port resolution...

Synthesizing Unit <register_32>.
    Related source file is "C:/Users/jerem/OneDrive/Desktop/projects/blowfish/register_32.vhd".
    Found 32-bit register for signal <reg_val>.
    Summary:
	inferred  32 D-type flip-flop(s).
Unit <register_32> synthesized.


Synthesizing Unit <f_function>.
    Related source file is "C:/Users/jerem/OneDrive/Desktop/projects/blowfish/f_function.vhd".
    Found 32-bit adder for signal <output>.
    Found 32-bit adder for signal <output$addsub0000> created at line 58.
    Found 32-bit xor2 for signal <output$xor0000> created at line 58.
    Summary:
	inferred   2 Adder/Subtractor(s).
Unit <f_function> synthesized.


Synthesizing Unit <round>.
    Related source file is "C:/Users/jerem/OneDrive/Desktop/projects/blowfish/round.vhd".
    Found 32-bit xor2 for signal <left_result>.
    Found 32-bit xor2 for signal <right_result>.
Unit <round> synthesized.


=========================================================================
HDL Synthesis Report

Macro Statistics
# Adders/Subtractors                                   : 2
 32-bit adder                                          : 2
# Registers                                            : 2
 32-bit register                                       : 2
# Xors                                                 : 3
 32-bit xor2                                           : 3

=========================================================================

=========================================================================
*                       Advanced HDL Synthesis                          *
=========================================================================


=========================================================================
Advanced HDL Synthesis Report

Macro Statistics
# Adders/Subtractors                                   : 2
 32-bit adder                                          : 2
# Registers                                            : 64
 Flip-Flops                                            : 64
# Xors                                                 : 3
 32-bit xor2                                           : 3

=========================================================================

=========================================================================
*                         Low Level Synthesis                           *
=========================================================================

Optimizing unit <round> ...

Optimizing unit <register_32> ...

Mapping all equations...
Building and optimizing final netlist ...
Found area constraint ratio of 100 (+ 5) on block round, actual ratio is 5.

Final Macro Processing ...

=========================================================================
Final Register Report

Macro Statistics
# Registers                                            : 64
 Flip-Flops                                            : 64

=========================================================================

=========================================================================
*                           Partition Report                            *
=========================================================================

Partition Implementation Status
-------------------------------

  No Partitions were found in this design.

-------------------------------

=========================================================================
*                            Final Report                               *
=========================================================================
Final Results
RTL Top Level Output File Name     : round.ngr
Top Level Output File Name         : round
Output Format                      : NGC
Optimization Goal                  : Speed
Keep Hierarchy                     : No

Design Statistics
# IOs                              : 324

Cell Usage :
# BELS                             : 287
#      GND                         : 1
#      LUT2                        : 64
#      LUT3                        : 32
#      LUT4                        : 64
#      MUXCY                       : 62
#      XORCY                       : 64
# FlipFlops/Latches                : 64
#      FDCE                        : 64
# Clock Buffers                    : 1
#      BUFGP                       : 1
# IO Buffers                       : 323
#      IBUF                        : 227
#      OBUF                        : 96
=========================================================================

Device utilization summary:
---------------------------

Selected Device : 3s200ft256-4 

 Number of Slices:                       87  out of   1920     4%  
 Number of Slice Flip Flops:             64  out of   3840     1%  
 Number of 4 input LUTs:                160  out of   3840     4%  
 Number of IOs:                         324
 Number of bonded IOBs:                 324  out of    173   187% (*) 
 Number of GCLKs:                         1  out of      8    12%  

WARNING:Xst:1336 -  (*) More than 100% of Device resources are used

---------------------------
Partition Resource Summary:
---------------------------

  No Partitions were found in this design.

---------------------------


=========================================================================
TIMING REPORT

NOTE: THESE TIMING NUMBERS ARE ONLY A SYNTHESIS ESTIMATE.
      FOR ACCURATE TIMING INFORMATION PLEASE REFER TO THE TRACE REPORT
      GENERATED AFTER PLACE-and-ROUTE.

Clock Information:
------------------
-----------------------------------+------------------------+-------+
Clock Signal                       | Clock buffer(FF name)  | Load  |
-----------------------------------+------------------------+-------+
clk                                | BUFGP                  | 64    |
-----------------------------------+------------------------+-------+

Asynchronous Control Signals Information:
----------------------------------------
-----------------------------------+------------------------+-------+
Control Signal                     | Buffer(FF name)        | Load  |
-----------------------------------+------------------------+-------+
clr                                | IBUF                   | 64    |
-----------------------------------+------------------------+-------+

Timing Summary:
---------------
Speed Grade: -4

   Minimum period: 2.377ns (Maximum Frequency: 420.698MHz)
   Minimum input arrival time before clock: 10.473ns
   Maximum output required time after clock: 8.864ns
   Maximum combinational path delay: 9.109ns

Timing Detail:
--------------
All values displayed in nanoseconds (ns)

=========================================================================
Timing constraint: Default period analysis for Clock 'clk'
  Clock period: 2.377ns (frequency: 420.698MHz)
  Total number of paths / destination ports: 64 / 64
-------------------------------------------------------------------------
Delay:               2.377ns (Levels of Logic = 1)
  Source:            left_register/reg_val_31 (FF)
  Destination:       right_register/reg_val_31 (FF)
  Source Clock:      clk rising
  Destination Clock: clk rising

  Data Path: left_register/reg_val_31 to right_register/reg_val_31
                                Gate     Net
    Cell:in->out      fanout   Delay   Delay  Logical Name (Net Name)
    ----------------------------------------  ------------
     FDCE:C->Q             2   0.720   0.903  left_register/reg_val_31 (left_register/reg_val_31)
     LUT4:I3->O            1   0.551   0.000  right_mux_out<31>1 (right_mux_out<31>)
     FDCE:D                    0.203          right_register/reg_val_31
    ----------------------------------------
    Total                      2.377ns (1.474ns logic, 0.903ns route)
                                       (62.0% logic, 38.0% route)

=========================================================================
Timing constraint: Default OFFSET IN BEFORE for Clock 'clk'
  Total number of paths / destination ports: 19200 / 128
-------------------------------------------------------------------------
Offset:              10.473ns (Levels of Logic = 37)
  Source:            s_box1_val<0> (PAD)
  Destination:       left_register/reg_val_31 (FF)
  Destination Clock: clk rising

  Data Path: s_box1_val<0> to left_register/reg_val_31
                                Gate     Net
    Cell:in->out      fanout   Delay   Delay  Logical Name (Net Name)
    ----------------------------------------  ------------
     IBUF:I->O             1   0.821   1.140  s_box1_val_0_IBUF (s_box1_val_0_IBUF)
     LUT2:I0->O            1   0.551   0.000  the_f_function/Madd_output_addsub0000_lut<0> (the_f_function/Madd_output_addsub0000_lut<0>)
     MUXCY:S->O            1   0.500   0.000  the_f_function/Madd_output_addsub0000_cy<0> (the_f_function/Madd_output_addsub0000_cy<0>)
     MUXCY:CI->O           1   0.064   0.000  the_f_function/Madd_output_addsub0000_cy<1> (the_f_function/Madd_output_addsub0000_cy<1>)
     MUXCY:CI->O           1   0.064   0.000  the_f_function/Madd_output_addsub0000_cy<2> (the_f_function/Madd_output_addsub0000_cy<2>)
     MUXCY:CI->O           1   0.064   0.000  the_f_function/Madd_output_addsub0000_cy<3> (the_f_function/Madd_output_addsub0000_cy<3>)
     MUXCY:CI->O           1   0.064   0.000  the_f_function/Madd_output_addsub0000_cy<4> (the_f_function/Madd_output_addsub0000_cy<4>)
     MUXCY:CI->O           1   0.064   0.000  the_f_function/Madd_output_addsub0000_cy<5> (the_f_function/Madd_output_addsub0000_cy<5>)
     MUXCY:CI->O           1   0.064   0.000  the_f_function/Madd_output_addsub0000_cy<6> (the_f_function/Madd_output_addsub0000_cy<6>)
     MUXCY:CI->O           1   0.064   0.000  the_f_function/Madd_output_addsub0000_cy<7> (the_f_function/Madd_output_addsub0000_cy<7>)
     MUXCY:CI->O           1   0.064   0.000  the_f_function/Madd_output_addsub0000_cy<8> (the_f_function/Madd_output_addsub0000_cy<8>)
     MUXCY:CI->O           1   0.064   0.000  the_f_function/Madd_output_addsub0000_cy<9> (the_f_function/Madd_output_addsub0000_cy<9>)
     MUXCY:CI->O           1   0.064   0.000  the_f_function/Madd_output_addsub0000_cy<10> (the_f_function/Madd_output_addsub0000_cy<10>)
     MUXCY:CI->O           1   0.064   0.000  the_f_function/Madd_output_addsub0000_cy<11> (the_f_function/Madd_output_addsub0000_cy<11>)
     MUXCY:CI->O           1   0.064   0.000  the_f_function/Madd_output_addsub0000_cy<12> (the_f_function/Madd_output_addsub0000_cy<12>)
     MUXCY:CI->O           1   0.064   0.000  the_f_function/Madd_output_addsub0000_cy<13> (the_f_function/Madd_output_addsub0000_cy<13>)
     MUXCY:CI->O           1   0.064   0.000  the_f_function/Madd_output_addsub0000_cy<14> (the_f_function/Madd_output_addsub0000_cy<14>)
     MUXCY:CI->O           1   0.064   0.000  the_f_function/Madd_output_addsub0000_cy<15> (the_f_function/Madd_output_addsub0000_cy<15>)
     MUXCY:CI->O           1   0.064   0.000  the_f_function/Madd_output_addsub0000_cy<16> (the_f_function/Madd_output_addsub0000_cy<16>)
     MUXCY:CI->O           1   0.064   0.000  the_f_function/Madd_output_addsub0000_cy<17> (the_f_function/Madd_output_addsub0000_cy<17>)
     MUXCY:CI->O           1   0.064   0.000  the_f_function/Madd_output_addsub0000_cy<18> (the_f_function/Madd_output_addsub0000_cy<18>)
     MUXCY:CI->O           1   0.064   0.000  the_f_function/Madd_output_addsub0000_cy<19> (the_f_function/Madd_output_addsub0000_cy<19>)
     MUXCY:CI->O           1   0.064   0.000  the_f_function/Madd_output_addsub0000_cy<20> (the_f_function/Madd_output_addsub0000_cy<20>)
     MUXCY:CI->O           1   0.064   0.000  the_f_function/Madd_output_addsub0000_cy<21> (the_f_function/Madd_output_addsub0000_cy<21>)
     MUXCY:CI->O           1   0.064   0.000  the_f_function/Madd_output_addsub0000_cy<22> (the_f_function/Madd_output_addsub0000_cy<22>)
     MUXCY:CI->O           1   0.064   0.000  the_f_function/Madd_output_addsub0000_cy<23> (the_f_function/Madd_output_addsub0000_cy<23>)
     MUXCY:CI->O           1   0.064   0.000  the_f_function/Madd_output_addsub0000_cy<24> (the_f_function/Madd_output_addsub0000_cy<24>)
     MUXCY:CI->O           1   0.064   0.000  the_f_function/Madd_output_addsub0000_cy<25> (the_f_function/Madd_output_addsub0000_cy<25>)
     MUXCY:CI->O           1   0.064   0.000  the_f_function/Madd_output_addsub0000_cy<26> (the_f_function/Madd_output_addsub0000_cy<26>)
     MUXCY:CI->O           1   0.064   0.000  the_f_function/Madd_output_addsub0000_cy<27> (the_f_function/Madd_output_addsub0000_cy<27>)
     MUXCY:CI->O           1   0.064   0.000  the_f_function/Madd_output_addsub0000_cy<28> (the_f_function/Madd_output_addsub0000_cy<28>)
     MUXCY:CI->O           1   0.064   0.000  the_f_function/Madd_output_addsub0000_cy<29> (the_f_function/Madd_output_addsub0000_cy<29>)
     XORCY:CI->O           1   0.904   0.996  the_f_function/Madd_output_addsub0000_xor<30> (the_f_function/output_addsub0000<30>)
     LUT3:I1->O            1   0.551   0.000  the_f_function/Madd_output_lut<30> (the_f_function/Madd_output_lut<30>)
     MUXCY:S->O            0   0.500   0.000  the_f_function/Madd_output_cy<30> (the_f_function/Madd_output_cy<30>)
     XORCY:CI->O           1   0.904   0.996  the_f_function/Madd_output_xor<31> (substitute_value<31>)
     LUT4:I1->O            1   0.551   0.000  left_mux_out<31>1 (left_mux_out<31>)
     FDCE:D                    0.203          left_register/reg_val_31
    ----------------------------------------
    Total                     10.473ns (7.341ns logic, 3.132ns route)
                                       (70.1% logic, 29.9% route)

=========================================================================
Timing constraint: Default OFFSET OUT AFTER for Clock 'clk'
  Total number of paths / destination ports: 96 / 96
-------------------------------------------------------------------------
Offset:              8.864ns (Levels of Logic = 2)
  Source:            left_register/reg_val_31 (FF)
  Destination:       s_box_addr<31> (PAD)
  Source Clock:      clk rising

  Data Path: left_register/reg_val_31 to s_box_addr<31>
                                Gate     Net
    Cell:in->out      fanout   Delay   Delay  Logical Name (Net Name)
    ----------------------------------------  ------------
     FDCE:C->Q             2   0.720   1.072  left_register/reg_val_31 (left_register/reg_val_31)
     LUT2:I1->O            2   0.551   0.877  Mxor_left_result_Result<31>1 (right_side_31_OBUF)
     OBUF:I->O                 5.644          s_box_addr_31_OBUF (s_box_addr<31>)
    ----------------------------------------
    Total                      8.864ns (6.915ns logic, 1.949ns route)
                                       (78.0% logic, 22.0% route)

=========================================================================
Timing constraint: Default path analysis
  Total number of paths / destination ports: 64 / 64
-------------------------------------------------------------------------
Delay:               9.109ns (Levels of Logic = 3)
  Source:            sub_key<31> (PAD)
  Destination:       s_box_addr<31> (PAD)

  Data Path: sub_key<31> to s_box_addr<31>
                                Gate     Net
    Cell:in->out      fanout   Delay   Delay  Logical Name (Net Name)
    ----------------------------------------  ------------
     IBUF:I->O             2   0.821   1.216  sub_key_31_IBUF (sub_key_31_IBUF)
     LUT2:I0->O            2   0.551   0.877  Mxor_left_result_Result<31>1 (right_side_31_OBUF)
     OBUF:I->O                 5.644          s_box_addr_31_OBUF (s_box_addr<31>)
    ----------------------------------------
    Total                      9.109ns (7.016ns logic, 2.093ns route)
                                       (77.0% logic, 23.0% route)

=========================================================================


Total REAL time to Xst completion: 3.00 secs
Total CPU time to Xst completion: 3.59 secs
 
--> 

Total memory usage is 233788 kilobytes

Number of errors   :    0 (   0 filtered)
Number of warnings :    1 (   0 filtered)
Number of infos    :    0 (   0 filtered)

