EN key_adjuster NULL C:/Users/jerem/OneDrive/Desktop/projects/blowfish/key_adjuster.vhd sub00/vhpl34 1698501940
AR tri_state_buffer behavioral C:/Users/jerem/OneDrive/Desktop/projects/blowfish/buffer.vhd sub00/vhpl27 1701784769
EN key_mux NULL C:/Users/jerem/OneDrive/Desktop/projects/blowfish/key_mux.vhd sub00/vhpl36 1701784788
AR new_sbox4 behavioral C:/Users/jerem/OneDrive/Desktop/projects/blowfish/new_sbox4.vhd sub00/vhpl53 1701784781
EN register_32 NULL C:/Users/jerem/OneDrive/Desktop/projects/blowfish/register_32.vhd sub00/vhpl22 1701784766
AR key_generator behavioral C:/Users/jerem/OneDrive/Desktop/projects/blowfish/key_generator.vhd sub00/vhpl13 1700696674
AR data_path behavioral C:/Users/jerem/OneDrive/Desktop/projects/blowfish/data_path.vhd sub00/vhpl33 1698501963
AR sbox_4 behavioral C:/Users/jerem/OneDrive/Desktop/projects/blowfish/sbox_4.vhd sub00/vhpl19 1700645139
AR new_sbox2 behavioral C:/Users/jerem/OneDrive/Desktop/projects/blowfish/new_sbox2.vhd sub00/vhpl47 1701784777
EN database NULL C:/Users/jerem/OneDrive/Desktop/projects/blowfish/database.vhd sub00/vhpl54 1701784798
EN pi_combinational_shifter NULL C:/Users/jerem/OneDrive/Desktop/projects/blowfish/pi_combinational_shifter.vhd sub00/vhpl06 1698501950
AR key_adjuster behavioral C:/Users/jerem/OneDrive/Desktop/projects/blowfish/key_adjuster.vhd sub00/vhpl35 1698501941
AR key_mux behavioral C:/Users/jerem/OneDrive/Desktop/projects/blowfish/key_mux.vhd sub00/vhpl37 1701784789
AR key_evaluator behavioral C:/Users/jerem/OneDrive/Desktop/projects/blowfish/key_evaluator.vhd sub00/vhpl31 1701784787
AR sbox_2 behavioral C:/Users/jerem/OneDrive/Desktop/projects/blowfish/sbox_2.vhd sub00/vhpl15 1700645135
AR round behavioral C:/Users/jerem/OneDrive/Desktop/projects/blowfish/round.vhd sub00/vhpl25 1701784783
EN mode_register NULL C:/Users/jerem/OneDrive/Desktop/projects/blowfish/mode_register.vhd sub00/vhpl40 1700696671
EN encryption_datapath NULL C:/Users/jerem/OneDrive/Desktop/projects/blowfish/encryption_datapath.vhd sub00/vhpl58 1701784796
EN control_unit NULL C:/Users/jerem/OneDrive/Desktop/projects/blowfish/control_unit.vhd sub00/vhpl38 1698501960
AR c_unit behavioral C:/Users/jerem/OneDrive/Desktop/projects/blowfish/c_unit.vhd sub00/vhpl57 1705656749
AR register_576 behavioral C:/Users/jerem/OneDrive/Desktop/projects/blowfish/register_576.vhd sub00/vhpl11 1701784773
EN rough_work NULL C:/Users/jerem/OneDrive/Desktop/projects/blowfish/rough_work.vhd sub00/vhpl02 1700645130
EN register_448 NULL C:/Users/jerem/OneDrive/Desktop/projects/blowfish/register_448.vhd sub00/vhpl08 1701784790
EN key_generator NULL C:/Users/jerem/OneDrive/Desktop/projects/blowfish/key_generator.vhd sub00/vhpl12 1700696673
EN data_path NULL C:/Users/jerem/OneDrive/Desktop/projects/blowfish/data_path.vhd sub00/vhpl32 1698501962
EN top_model NULL C:/Users/jerem/OneDrive/Desktop/projects/blowfish/top_model.vhd sub00/vhpl42 1701784804
EN combinational_shifter NULL C:/Users/jerem/OneDrive/Desktop/projects/blowfish/combinational_shifter.vhd sub00/vhpl00 1701784792
AR combinational_shifter behavioral C:/Users/jerem/OneDrive/Desktop/projects/blowfish/combinational_shifter.vhd sub00/vhpl01 1701784793
AR post_processing behavioral C:/Users/jerem/OneDrive/Desktop/projects/blowfish/post_processing.vhd sub00/vhpl29 1701784785
EN tri_state_buffer NULL C:/Users/jerem/OneDrive/Desktop/projects/blowfish/buffer.vhd sub00/vhpl26 1701784768
EN key_evaluator NULL C:/Users/jerem/OneDrive/Desktop/projects/blowfish/key_evaluator.vhd sub00/vhpl30 1701784786
AR mode_register behavioral C:/Users/jerem/OneDrive/Desktop/projects/blowfish/mode_register.vhd sub00/vhpl41 1700696672
EN post_processing NULL C:/Users/jerem/OneDrive/Desktop/projects/blowfish/post_processing.vhd sub00/vhpl28 1701784784
EN register_576 NULL C:/Users/jerem/OneDrive/Desktop/projects/blowfish/register_576.vhd sub00/vhpl10 1701784772
AR f_function behavioral C:/Users/jerem/OneDrive/Desktop/projects/blowfish/f_function.vhd sub00/vhpl21 1701784771
EN datapath1 NULL C:/Users/jerem/OneDrive/Desktop/projects/blowfish/datapath1.vhd sub00/vhpl60 1701784800
EN sbox_1 NULL C:/Users/jerem/OneDrive/Desktop/projects/blowfish/sbox_1.vhd sub00/vhpl04 1700645132
AR top_model behavioral C:/Users/jerem/OneDrive/Desktop/projects/blowfish/top_model.vhd sub00/vhpl43 1701784805
EN sbox_2 NULL C:/Users/jerem/OneDrive/Desktop/projects/blowfish/sbox_2.vhd sub00/vhpl14 1700645134
AR register_448 behavioral C:/Users/jerem/OneDrive/Desktop/projects/blowfish/register_448.vhd sub00/vhpl09 1701784791
EN sbox_3 NULL C:/Users/jerem/OneDrive/Desktop/projects/blowfish/sbox_3.vhd sub00/vhpl16 1700645136
EN sbox_4 NULL C:/Users/jerem/OneDrive/Desktop/projects/blowfish/sbox_4.vhd sub00/vhpl18 1700645138
EN round NULL C:/Users/jerem/OneDrive/Desktop/projects/blowfish/round.vhd sub00/vhpl24 1701784782
AR new_sbox3 behavioral C:/Users/jerem/OneDrive/Desktop/projects/blowfish/new_sbox3.vhd sub00/vhpl51 1701784779
AR encryption_datapath behavioral C:/Users/jerem/OneDrive/Desktop/projects/blowfish/encryption_datapath.vhd sub00/vhpl59 1701784797
AR database behavioral C:/Users/jerem/OneDrive/Desktop/projects/blowfish/database.vhd sub00/vhpl55 1701784799
AR datapath1 behavioral C:/Users/jerem/OneDrive/Desktop/projects/blowfish/datapath1.vhd sub00/vhpl61 1701784801
AR sbox_3 behavioral C:/Users/jerem/OneDrive/Desktop/projects/blowfish/sbox_3.vhd sub00/vhpl17 1700645137
AR new_sbox1 behavioral C:/Users/jerem/OneDrive/Desktop/projects/blowfish/new_sbox1.vhd sub00/vhpl49 1701784775
AR pi_combinational_shifter behavioral C:/Users/jerem/OneDrive/Desktop/projects/blowfish/pi_combinational_shifter.vhd sub00/vhpl07 1698501951
AR sbox_1 behavioral C:/Users/jerem/OneDrive/Desktop/projects/blowfish/sbox_1.vhd sub00/vhpl05 1700645133
AR rough_work behavioral C:/Users/jerem/OneDrive/Desktop/projects/blowfish/rough_work.vhd sub00/vhpl03 1700645131
AR register_32 behavioral C:/Users/jerem/OneDrive/Desktop/projects/blowfish/register_32.vhd sub00/vhpl23 1701784767
EN key_expansion NULL C:/Users/jerem/OneDrive/Desktop/projects/blowfish/key_expansion.vhd sub00/vhpl44 1701784794
AR key_expansion behavioral C:/Users/jerem/OneDrive/Desktop/projects/blowfish/key_expansion.vhd sub00/vhpl45 1701784795
EN f_function NULL C:/Users/jerem/OneDrive/Desktop/projects/blowfish/f_function.vhd sub00/vhpl20 1701784770
AR control_unit behavioral C:/Users/jerem/OneDrive/Desktop/projects/blowfish/control_unit.vhd sub00/vhpl39 1698501961
EN c_unit NULL C:/Users/jerem/OneDrive/Desktop/projects/blowfish/c_unit.vhd sub00/vhpl56 1705656748
EN new_sbox1 NULL C:/Users/jerem/OneDrive/Desktop/projects/blowfish/new_sbox1.vhd sub00/vhpl48 1701784774
EN new_sbox2 NULL C:/Users/jerem/OneDrive/Desktop/projects/blowfish/new_sbox2.vhd sub00/vhpl46 1701784776
EN new_sbox3 NULL C:/Users/jerem/OneDrive/Desktop/projects/blowfish/new_sbox3.vhd sub00/vhpl50 1701784778
EN new_sbox4 NULL C:/Users/jerem/OneDrive/Desktop/projects/blowfish/new_sbox4.vhd sub00/vhpl52 1701784780
