V3 117
FL C:/Users/jerem/OneDrive/Desktop/projects/blowfish/buffer.vhd 2023/10/23.18:26:39 P.20131013
EN work/tri_state_buffer 1701784768 \
      FL C:/Users/jerem/OneDrive/Desktop/projects/blowfish/buffer.vhd \
      PB ieee/std_logic_1164 1381692176
AR work/tri_state_buffer/Behavioral 1701784769 \
      FL C:/Users/jerem/OneDrive/Desktop/projects/blowfish/buffer.vhd \
      EN work/tri_state_buffer 1701784768
FL C:/Users/jerem/OneDrive/Desktop/projects/blowfish/combinational_shifter.vhd 2023/10/27.14:18:50 P.20131013
EN work/combinational_shifter 1701784792 \
      FL C:/Users/jerem/OneDrive/Desktop/projects/blowfish/combinational_shifter.vhd \
      PB ieee/std_logic_1164 1381692176 PB ieee/STD_LOGIC_UNSIGNED 1381692179 \
      PB ieee/NUMERIC_STD 1381692181
AR work/combinational_shifter/Behavioral 1701784793 \
      FL C:/Users/jerem/OneDrive/Desktop/projects/blowfish/combinational_shifter.vhd \
      EN work/combinational_shifter 1701784792
FL C:/Users/jerem/OneDrive/Desktop/projects/blowfish/control_unit.vhd 2023/10/28.13:12:57 P.20131013
EN work/control_unit 1698501960 \
      FL C:/Users/jerem/OneDrive/Desktop/projects/blowfish/control_unit.vhd \
      PB ieee/std_logic_1164 1381692176 PB ieee/STD_LOGIC_UNSIGNED 1381692179 \
      PB ieee/NUMERIC_STD 1381692181
AR work/control_unit/Behavioral 1698501961 \
      FL C:/Users/jerem/OneDrive/Desktop/projects/blowfish/control_unit.vhd \
      EN work/control_unit 1698501960
FL C:/Users/jerem/OneDrive/Desktop/projects/blowfish/c_unit.vhd 2023/12/01.18:37:43 P.20131013
EN work/c_unit 1705656748 \
      FL C:/Users/jerem/OneDrive/Desktop/projects/blowfish/c_unit.vhd \
      PB ieee/std_logic_1164 1381692176 PB ieee/STD_LOGIC_UNSIGNED 1381692179 \
      PB ieee/NUMERIC_STD 1381692181
AR work/c_unit/Behavioral 1705656749 \
      FL C:/Users/jerem/OneDrive/Desktop/projects/blowfish/c_unit.vhd \
      EN work/c_unit 1705656748
FL C:/Users/jerem/OneDrive/Desktop/projects/blowfish/database.vhd 2023/12/01.17:52:55 P.20131013
EN work/database 1701784798 \
      FL C:/Users/jerem/OneDrive/Desktop/projects/blowfish/database.vhd \
      PB ieee/std_logic_1164 1381692176 PB ieee/STD_LOGIC_UNSIGNED 1381692179 \
      PB ieee/NUMERIC_STD 1381692181
AR work/database/Behavioral 1701784799 \
      FL C:/Users/jerem/OneDrive/Desktop/projects/blowfish/database.vhd \
      EN work/database 1701784798 CP register_576 CP new_sbox1 CP new_sbox2 \
      CP new_sbox3 CP new_sbox4
FL C:/Users/jerem/OneDrive/Desktop/projects/blowfish/datapath1.vhd 2023/12/05.13:56:56 P.20131013
EN work/datapath1 1701784800 \
      FL C:/Users/jerem/OneDrive/Desktop/projects/blowfish/datapath1.vhd \
      PB ieee/std_logic_1164 1381692176 PB ieee/STD_LOGIC_UNSIGNED 1381692179 \
      PB ieee/NUMERIC_STD 1381692181
AR work/datapath1/Behavioral 1701784801 \
      FL C:/Users/jerem/OneDrive/Desktop/projects/blowfish/datapath1.vhd \
      EN work/datapath1 1701784800 CP key_expansion CP encryption_datapath \
      CP database
FL C:/Users/jerem/OneDrive/Desktop/projects/blowfish/data_path.vhd 2023/10/28.14:05:19 P.20131013
EN work/data_path 1698501962 \
      FL C:/Users/jerem/OneDrive/Desktop/projects/blowfish/data_path.vhd \
      PB ieee/std_logic_1164 1381692176
AR work/data_path/Behavioral 1698501963 \
      FL C:/Users/jerem/OneDrive/Desktop/projects/blowfish/data_path.vhd \
      EN work/data_path 1698501962 CP mode_register CP key_generator CP round \
      CP post_processing
FL C:/Users/jerem/OneDrive/Desktop/projects/blowfish/encryption_datapath.vhd 2023/11/22.22:53:27 P.20131013
EN work/encryption_datapath 1701784796 \
      FL C:/Users/jerem/OneDrive/Desktop/projects/blowfish/encryption_datapath.vhd \
      PB ieee/std_logic_1164 1381692176
AR work/encryption_datapath/Behavioral 1701784797 \
      FL C:/Users/jerem/OneDrive/Desktop/projects/blowfish/encryption_datapath.vhd \
      EN work/encryption_datapath 1701784796 CP round CP post_processing
FL C:/Users/jerem/OneDrive/Desktop/projects/blowfish/f_function.vhd 2023/11/22.14:52:15 P.20131013
EN work/f_function 1701784770 \
      FL C:/Users/jerem/OneDrive/Desktop/projects/blowfish/f_function.vhd \
      PB ieee/std_logic_1164 1381692176 PB ieee/STD_LOGIC_UNSIGNED 1381692179 \
      PB ieee/NUMERIC_STD 1381692181
AR work/f_function/Behavioral 1701784771 \
      FL C:/Users/jerem/OneDrive/Desktop/projects/blowfish/f_function.vhd \
      EN work/f_function 1701784770
FL C:/Users/jerem/OneDrive/Desktop/projects/blowfish/key_adjuster.vhd 2023/10/27.23:58:07 P.20131013
EN work/key_adjuster 1698501940 \
      FL C:/Users/jerem/OneDrive/Desktop/projects/blowfish/key_adjuster.vhd \
      PB ieee/std_logic_1164 1381692176 PB ieee/STD_LOGIC_UNSIGNED 1381692179 \
      PB ieee/NUMERIC_STD 1381692181
AR work/key_adjuster/Behavioral 1698501941 \
      FL C:/Users/jerem/OneDrive/Desktop/projects/blowfish/key_adjuster.vhd \
      EN work/key_adjuster 1698501940
FL C:/Users/jerem/OneDrive/Desktop/projects/blowfish/key_evaluator.vhd 2023/10/27.14:21:37 P.20131013
EN work/key_evaluator 1701784786 \
      FL C:/Users/jerem/OneDrive/Desktop/projects/blowfish/key_evaluator.vhd \
      PB ieee/std_logic_1164 1381692176
AR work/key_evaluator/Behavioral 1701784787 \
      FL C:/Users/jerem/OneDrive/Desktop/projects/blowfish/key_evaluator.vhd \
      EN work/key_evaluator 1701784786
FL C:/Users/jerem/OneDrive/Desktop/projects/blowfish/key_expansion.vhd 2023/11/09.21:37:00 P.20131013
EN work/key_expansion 1701784794 \
      FL C:/Users/jerem/OneDrive/Desktop/projects/blowfish/key_expansion.vhd \
      PB ieee/std_logic_1164 1381692176 PB ieee/STD_LOGIC_UNSIGNED 1381692179 \
      PB ieee/NUMERIC_STD 1381692181
AR work/key_expansion/Behavioral 1701784795 \
      FL C:/Users/jerem/OneDrive/Desktop/projects/blowfish/key_expansion.vhd \
      EN work/key_expansion 1701784794 CP key_evaluator CP key_mux CP register_448 \
      CP combinational_shifter
FL C:/Users/jerem/OneDrive/Desktop/projects/blowfish/key_generator.vhd 2023/11/09.21:30:46 P.20131013
EN work/key_generator 1700696673 \
      FL C:/Users/jerem/OneDrive/Desktop/projects/blowfish/key_generator.vhd \
      PB ieee/std_logic_1164 1381692176 PB ieee/STD_LOGIC_UNSIGNED 1381692179 \
      PB ieee/NUMERIC_STD 1381692181
AR work/key_generator/Behavioral 1700696674 \
      FL C:/Users/jerem/OneDrive/Desktop/projects/blowfish/key_generator.vhd \
      EN work/key_generator 1700696673 CP key_evaluator CP key_mux CP register_448 \
      CP combinational_shifter
FL C:/Users/jerem/OneDrive/Desktop/projects/blowfish/key_mux.vhd 2023/10/27.13:59:40 P.20131013
EN work/key_mux 1701784788 \
      FL C:/Users/jerem/OneDrive/Desktop/projects/blowfish/key_mux.vhd \
      PB ieee/std_logic_1164 1381692176
AR work/key_mux/Behavioral 1701784789 \
      FL C:/Users/jerem/OneDrive/Desktop/projects/blowfish/key_mux.vhd \
      EN work/key_mux 1701784788
FL C:/Users/jerem/OneDrive/Desktop/projects/blowfish/mode_register.vhd 2023/10/28.13:18:21 P.20131013
EN work/mode_register 1700696671 \
      FL C:/Users/jerem/OneDrive/Desktop/projects/blowfish/mode_register.vhd \
      PB ieee/std_logic_1164 1381692176
AR work/mode_register/Behavioral 1700696672 \
      FL C:/Users/jerem/OneDrive/Desktop/projects/blowfish/mode_register.vhd \
      EN work/mode_register 1700696671
FL C:/Users/jerem/OneDrive/Desktop/projects/blowfish/new_sbox1.vhd 2023/11/16.20:14:50 P.20131013
EN work/new_sbox1 1701784774 \
      FL C:/Users/jerem/OneDrive/Desktop/projects/blowfish/new_sbox1.vhd \
      PB ieee/std_logic_1164 1381692176 PB ieee/STD_LOGIC_UNSIGNED 1381692179 \
      PB ieee/NUMERIC_STD 1381692181 LB UNISIM PH unisim/VCOMPONENTS 1381692182 \
      PB std/TEXTIO 1381692176 PB ieee/STD_LOGIC_TEXTIO 1381692180
AR work/new_sbox1/Behavioral 1701784775 \
      FL C:/Users/jerem/OneDrive/Desktop/projects/blowfish/new_sbox1.vhd \
      EN work/new_sbox1 1701784774 CP RAMB16_S36
FL C:/Users/jerem/OneDrive/Desktop/projects/blowfish/new_sbox2.vhd 2023/11/16.20:12:47 P.20131013
EN work/new_sbox2 1701784776 \
      FL C:/Users/jerem/OneDrive/Desktop/projects/blowfish/new_sbox2.vhd \
      PB ieee/std_logic_1164 1381692176 PB ieee/STD_LOGIC_UNSIGNED 1381692179 \
      PB ieee/NUMERIC_STD 1381692181 LB UNISIM PH unisim/VCOMPONENTS 1381692182 \
      PB std/TEXTIO 1381692176 PB ieee/STD_LOGIC_TEXTIO 1381692180
AR work/new_sbox2/Behavioral 1701784777 \
      FL C:/Users/jerem/OneDrive/Desktop/projects/blowfish/new_sbox2.vhd \
      EN work/new_sbox2 1701784776 CP RAMB16_S36
FL C:/Users/jerem/OneDrive/Desktop/projects/blowfish/new_sbox3.vhd 2023/11/16.20:17:37 P.20131013
EN work/new_sbox3 1701784778 \
      FL C:/Users/jerem/OneDrive/Desktop/projects/blowfish/new_sbox3.vhd \
      PB ieee/std_logic_1164 1381692176 PB ieee/STD_LOGIC_UNSIGNED 1381692179 \
      PB ieee/NUMERIC_STD 1381692181 LB UNISIM PH unisim/VCOMPONENTS 1381692182 \
      PB std/TEXTIO 1381692176 PB ieee/STD_LOGIC_TEXTIO 1381692180
AR work/new_sbox3/Behavioral 1701784779 \
      FL C:/Users/jerem/OneDrive/Desktop/projects/blowfish/new_sbox3.vhd \
      EN work/new_sbox3 1701784778 CP RAMB16_S36
FL C:/Users/jerem/OneDrive/Desktop/projects/blowfish/new_sbox4.vhd 2023/11/16.20:18:51 P.20131013
EN work/new_sbox4 1701784780 \
      FL C:/Users/jerem/OneDrive/Desktop/projects/blowfish/new_sbox4.vhd \
      PB ieee/std_logic_1164 1381692176 PB ieee/STD_LOGIC_UNSIGNED 1381692179 \
      PB ieee/NUMERIC_STD 1381692181 LB UNISIM PH unisim/VCOMPONENTS 1381692182 \
      PB std/TEXTIO 1381692176 PB ieee/STD_LOGIC_TEXTIO 1381692180
AR work/new_sbox4/Behavioral 1701784781 \
      FL C:/Users/jerem/OneDrive/Desktop/projects/blowfish/new_sbox4.vhd \
      EN work/new_sbox4 1701784780 CP RAMB16_S36
FL C:/Users/jerem/OneDrive/Desktop/projects/blowfish/pi_combinational_shifter.vhd 2023/10/23.02:16:27 P.20131013
EN work/pi_combinational_shifter 1698501950 \
      FL C:/Users/jerem/OneDrive/Desktop/projects/blowfish/pi_combinational_shifter.vhd \
      PB ieee/std_logic_1164 1381692176 PB ieee/STD_LOGIC_UNSIGNED 1381692179 \
      PB ieee/NUMERIC_STD 1381692181
AR work/pi_combinational_shifter/Behavioral 1698501951 \
      FL C:/Users/jerem/OneDrive/Desktop/projects/blowfish/pi_combinational_shifter.vhd \
      EN work/pi_combinational_shifter 1698501950
FL C:/Users/jerem/OneDrive/Desktop/projects/blowfish/post_processing.vhd 2023/10/28.00:47:57 P.20131013
EN work/post_processing 1701784784 \
      FL C:/Users/jerem/OneDrive/Desktop/projects/blowfish/post_processing.vhd \
      PB ieee/std_logic_1164 1381692176
AR work/post_processing/Behavioral 1701784785 \
      FL C:/Users/jerem/OneDrive/Desktop/projects/blowfish/post_processing.vhd \
      EN work/post_processing 1701784784 CP register_32 CP tri_state_buffer
FL C:/Users/jerem/OneDrive/Desktop/projects/blowfish/register_32.vhd 2023/10/23.13:27:44 P.20131013
EN work/register_32 1701784766 \
      FL C:/Users/jerem/OneDrive/Desktop/projects/blowfish/register_32.vhd \
      PB ieee/std_logic_1164 1381692176
AR work/register_32/Behavioral 1701784767 \
      FL C:/Users/jerem/OneDrive/Desktop/projects/blowfish/register_32.vhd \
      EN work/register_32 1701784766
FL C:/Users/jerem/OneDrive/Desktop/projects/blowfish/register_448.vhd 2023/10/27.14:07:58 P.20131013
EN work/register_448 1701784790 \
      FL C:/Users/jerem/OneDrive/Desktop/projects/blowfish/register_448.vhd \
      PB ieee/std_logic_1164 1381692176
AR work/register_448/Behavioral 1701784791 \
      FL C:/Users/jerem/OneDrive/Desktop/projects/blowfish/register_448.vhd \
      EN work/register_448 1701784790
FL C:/Users/jerem/OneDrive/Desktop/projects/blowfish/register_576.vhd 2023/12/01.17:52:59 P.20131013
EN work/register_576 1701784772 \
      FL C:/Users/jerem/OneDrive/Desktop/projects/blowfish/register_576.vhd \
      PB ieee/std_logic_1164 1381692176 PB ieee/STD_LOGIC_UNSIGNED 1381692179 \
      PB ieee/NUMERIC_STD 1381692181
AR work/register_576/Behavioral 1701784773 \
      FL C:/Users/jerem/OneDrive/Desktop/projects/blowfish/register_576.vhd \
      EN work/register_576 1701784772
FL C:/Users/jerem/OneDrive/Desktop/projects/blowfish/rough_work.vhd 2023/11/16.11:47:32 P.20131013
EN work/rough_work 1700645130 \
      FL C:/Users/jerem/OneDrive/Desktop/projects/blowfish/rough_work.vhd \
      PB ieee/std_logic_1164 1381692176 PB ieee/STD_LOGIC_UNSIGNED 1381692179 \
      PB ieee/NUMERIC_STD 1381692181 LB UNISIM PH unisim/VCOMPONENTS 1381692182 \
      PB std/TEXTIO 1381692176 PB ieee/STD_LOGIC_TEXTIO 1381692180
AR work/rough_work/Behavioral 1700645131 \
      FL C:/Users/jerem/OneDrive/Desktop/projects/blowfish/rough_work.vhd \
      EN work/rough_work 1700645130 CP RAMB16_S36
FL C:/Users/jerem/OneDrive/Desktop/projects/blowfish/round.vhd 2023/11/22.09:45:47 P.20131013
EN work/round 1701784782 \
      FL C:/Users/jerem/OneDrive/Desktop/projects/blowfish/round.vhd \
      PB ieee/std_logic_1164 1381692176
AR work/round/Behavioral 1701784783 \
      FL C:/Users/jerem/OneDrive/Desktop/projects/blowfish/round.vhd \
      EN work/round 1701784782 CP register_32 CP f_function
FL C:/Users/jerem/OneDrive/Desktop/projects/blowfish/sbox_1.vhd 2023/11/09.22:41:13 P.20131013
EN work/sbox_1 1700645132 \
      FL C:/Users/jerem/OneDrive/Desktop/projects/blowfish/sbox_1.vhd \
      PB ieee/std_logic_1164 1381692176 PB ieee/STD_LOGIC_UNSIGNED 1381692179 \
      PB ieee/NUMERIC_STD 1381692181 PB std/TEXTIO 1381692176 \
      PB ieee/STD_LOGIC_TEXTIO 1381692180
AR work/sbox_1/Behavioral 1700645133 \
      FL C:/Users/jerem/OneDrive/Desktop/projects/blowfish/sbox_1.vhd \
      EN work/sbox_1 1700645132
FL C:/Users/jerem/OneDrive/Desktop/projects/blowfish/sbox_2.vhd 2023/11/09.22:52:48 P.20131013
EN work/sbox_2 1700645134 \
      FL C:/Users/jerem/OneDrive/Desktop/projects/blowfish/sbox_2.vhd \
      PB ieee/std_logic_1164 1381692176 PB ieee/STD_LOGIC_UNSIGNED 1381692179 \
      PB ieee/NUMERIC_STD 1381692181 PB std/TEXTIO 1381692176 \
      PB ieee/STD_LOGIC_TEXTIO 1381692180
AR work/sbox_2/Behavioral 1700645135 \
      FL C:/Users/jerem/OneDrive/Desktop/projects/blowfish/sbox_2.vhd \
      EN work/sbox_2 1700645134
FL C:/Users/jerem/OneDrive/Desktop/projects/blowfish/sbox_3.vhd 2023/11/16.11:49:00 P.20131013
EN work/sbox_3 1700645136 \
      FL C:/Users/jerem/OneDrive/Desktop/projects/blowfish/sbox_3.vhd \
      PB ieee/std_logic_1164 1381692176 PB ieee/STD_LOGIC_UNSIGNED 1381692179 \
      PB ieee/NUMERIC_STD 1381692181 PB std/TEXTIO 1381692176 \
      PB ieee/STD_LOGIC_TEXTIO 1381692180
AR work/sbox_3/Behavioral 1700645137 \
      FL C:/Users/jerem/OneDrive/Desktop/projects/blowfish/sbox_3.vhd \
      EN work/sbox_3 1700645136 CP rough_work
FL C:/Users/jerem/OneDrive/Desktop/projects/blowfish/sbox_4.vhd 2023/11/09.22:44:49 P.20131013
EN work/sbox_4 1700645138 \
      FL C:/Users/jerem/OneDrive/Desktop/projects/blowfish/sbox_4.vhd \
      PB ieee/std_logic_1164 1381692176 PB ieee/STD_LOGIC_UNSIGNED 1381692179 \
      PB ieee/NUMERIC_STD 1381692181 PB std/TEXTIO 1381692176 \
      PB ieee/STD_LOGIC_TEXTIO 1381692180
AR work/sbox_4/Behavioral 1700645139 \
      FL C:/Users/jerem/OneDrive/Desktop/projects/blowfish/sbox_4.vhd \
      EN work/sbox_4 1700645138
FL C:/Users/jerem/OneDrive/Desktop/projects/blowfish/top_model.vhd 2023/12/05.13:59:10 P.20131013
EN work/top_model 1701784804 \
      FL C:/Users/jerem/OneDrive/Desktop/projects/blowfish/top_model.vhd \
      PB ieee/std_logic_1164 1381692176
AR work/top_model/Behavioral 1701784805 \
      FL C:/Users/jerem/OneDrive/Desktop/projects/blowfish/top_model.vhd \
      EN work/top_model 1701784804 CP datapath1 CP c_unit
